2025-12-06 20:44:23,955 - __main__ - INFO - Testing database connection...
2025-12-06 20:44:29,755 - database.simple_client - INFO - Database connection test successful
2025-12-06 20:44:29,755 - __main__ - INFO - Database connection successful!
2025-12-06 20:44:29,755 - __main__ - INFO - Getting current database status...
2025-12-06 20:44:32,823 - database.simple_client - ERROR - Failed to get records from regions: 400 - {"code":"PGRST100","details":"unexpected \"T\" expecting \"not\" or operator (eq, gt, ...)","hint":null,"message":"\"failed to parse filter (True)\" (line 1, column 1)"}
2025-12-06 20:44:34,306 - database.simple_client - INFO - Database connection test successful
2025-12-06 20:46:44,240 - __main__ - INFO - Testing database connection...
2025-12-06 20:46:45,925 - database.simple_client - INFO - Database connection test successful
2025-12-06 20:46:45,926 - __main__ - INFO - Database connection successful!
2025-12-06 20:46:45,926 - __main__ - INFO - Getting current database status...
2025-12-06 20:46:47,400 - database.simple_client - INFO - Retrieved 8 records from regions
2025-12-06 20:46:49,924 - database.simple_client - ERROR - Failed to get records from pois: 404 - {"code":"PGRST205","details":null,"hint":null,"message":"Could not find the table 'public.pois' in the schema cache"}
2025-12-06 20:46:54,548 - database.simple_client - ERROR - Failed to get records from pois: 404 - {"code":"PGRST205","details":null,"hint":null,"message":"Could not find the table 'public.pois' in the schema cache"}
2025-12-06 20:46:59,654 - database.simple_client - ERROR - Failed to get records from pois: 404 - {"code":"PGRST205","details":null,"hint":null,"message":"Could not find the table 'public.pois' in the schema cache"}
2025-12-06 20:47:01,160 - database.simple_client - ERROR - Failed to get records from pois: 404 - {"code":"PGRST205","details":null,"hint":null,"message":"Could not find the table 'public.pois' in the schema cache"}
2025-12-06 20:47:03,781 - database.simple_client - ERROR - Failed to get records from pois: 404 - {"code":"PGRST205","details":null,"hint":null,"message":"Could not find the table 'public.pois' in the schema cache"}
2025-12-06 20:47:05,445 - database.simple_client - ERROR - Failed to get records from pois: 404 - {"code":"PGRST205","details":null,"hint":null,"message":"Could not find the table 'public.pois' in the schema cache"}
2025-12-06 20:47:06,321 - database.simple_client - ERROR - Failed to get records from pois: 404 - {"code":"PGRST205","details":null,"hint":null,"message":"Could not find the table 'public.pois' in the schema cache"}
2025-12-06 20:47:07,775 - database.simple_client - ERROR - Failed to get records from pois: 404 - {"code":"PGRST205","details":null,"hint":null,"message":"Could not find the table 'public.pois' in the schema cache"}
2025-12-06 20:47:09,807 - database.simple_client - INFO - Database connection test successful
2025-12-06 20:47:09,808 - __main__ - INFO - Getting current database status...
2025-12-06 20:47:16,501 - database.simple_client - INFO - Retrieved 8 records from regions
2025-12-06 20:47:26,331 - database.simple_client - ERROR - Failed to get records from pois: 404 - {"code":"PGRST205","details":null,"hint":null,"message":"Could not find the table 'public.pois' in the schema cache"}
2025-12-06 20:47:32,334 - database.simple_client - ERROR - Failed to get records from pois: 404 - {"code":"PGRST205","details":null,"hint":null,"message":"Could not find the table 'public.pois' in the schema cache"}
2025-12-06 20:47:37,375 - database.simple_client - ERROR - Failed to get records from pois: 404 - {"code":"PGRST205","details":null,"hint":null,"message":"Could not find the table 'public.pois' in the schema cache"}
2025-12-06 20:47:48,591 - database.simple_client - ERROR - Failed to get records from pois: 404 - {"code":"PGRST205","details":null,"hint":null,"message":"Could not find the table 'public.pois' in the schema cache"}
2025-12-06 20:47:53,197 - database.simple_client - ERROR - Failed to get records from pois: 404 - {"code":"PGRST205","details":null,"hint":null,"message":"Could not find the table 'public.pois' in the schema cache"}
2025-12-06 20:47:59,271 - database.simple_client - ERROR - Failed to get records from pois: 404 - {"code":"PGRST205","details":null,"hint":null,"message":"Could not find the table 'public.pois' in the schema cache"}
2025-12-06 20:48:01,899 - database.simple_client - ERROR - Failed to get records from pois: 404 - {"code":"PGRST205","details":null,"hint":null,"message":"Could not find the table 'public.pois' in the schema cache"}
2025-12-06 20:48:03,441 - database.simple_client - ERROR - Failed to get records from pois: 404 - {"code":"PGRST205","details":null,"hint":null,"message":"Could not find the table 'public.pois' in the schema cache"}
2025-12-06 20:48:05,919 - database.simple_client - INFO - Database connection test successful
2025-12-06 20:48:05,919 - __main__ - INFO - Simple database setup completed
